192.168.0.25 - - [08/Sep/2012:11:49:26 +0200] "GET /temps/3IF1.ics HTTP/1.1" 304 - "-" "DataAccess/1.0 (8C148)"
192.168.0.26 - - [08/Sep/2012:11:50:02 +0200] "GET /temps/ HTTP/1.1" 200 6835 "http://www.google.fr/url?sa=t&rct=j&q=emplois%20du%20temsp%20insa&source=web&cd=1&ved=0CCkQFjAA&url=http%3A%2F%2Fintranet-if.insa-lyon.fr%2Ftemps%2F&ei=xBRLUPSZFs61hAepl4CoCg&usg=AFQjCNEWrHsRdIlhli_31qYl94w-yMCjpw" "Mozilla/5.0 (Windows NT 6.0) AppleWebKit/537.1 (KHTML, like Gecko) Chrome/21.0.1180.89 Safari/537.1"
192.168.0.26 - - [08/Sep/2012:11:50:03 +0200] "GET /temps/style_emploi_du_temps.css HTTP/1.1" 200 1216 "http://intranet-if.insa-lyon.fr/temps/" "Mozilla/5.0 (Windows NT 6.0) AppleWebKit/537.1 (KHTML, like Gecko) Chrome/21.0.1180.89 Safari/537.1"
192.168.0.26 - - [08/Sep/2012:11:50:03 +0200] "GET /temps/FondInsa.jpg HTTP/1.1" 200 2828 "http://intranet-if.insa-lyon.fr/temps/" "Mozilla/5.0 (Windows NT 6.0) AppleWebKit/537.1 (KHTML, like Gecko) Chrome/21.0.1180.89 Safari/537.1"
192.168.0.26 - - [08/Sep/2012:11:50:03 +0200] "GET /temps/InsaIF.ico HTTP/1.1" 200 766 "-" "Mozilla/5.0 (Windows NT 6.0) AppleWebKit/537.1 (KHTML, like Gecko) Chrome/21.0.1180.89 Safari/537.1"
